Archive member included to satisfy reference by file (symbol)

d:/installedprograms/atmelstudio7/7.0/toolchain/avr8/avr8-gnu-toolchain/bin/../lib/gcc/avr/5.4.0/avr5\libgcc.a(_exit.o)
                              D:/InstalledPrograms/AtmelStudio7/7.0/Packs/atmel/ATmega_DFP/1.2.209/gcc/dev/atmega328p/avr5/crtatmega328p.o (exit)
d:/installedprograms/atmelstudio7/7.0/toolchain/avr8/avr8-gnu-toolchain/bin/../lib/gcc/avr/5.4.0/avr5\libgcc.a(_clear_bss.o)
                              main.o (__do_clear_bss)
d:/installedprograms/atmelstudio7/7.0/toolchain/avr8/avr8-gnu-toolchain/bin/../lib/gcc/avr/5.4.0/../../../../avr/lib/avr5\libc.a(memcpy.o)
                              timer_16_bit.o (memcpy)

Discarded input sections

 .data          0x00000000        0x0 D:/InstalledPrograms/AtmelStudio7/7.0/Packs/atmel/ATmega_DFP/1.2.209/gcc/dev/atmega328p/avr5/crtatmega328p.o
 .bss           0x00000000        0x0 D:/InstalledPrograms/AtmelStudio7/7.0/Packs/atmel/ATmega_DFP/1.2.209/gcc/dev/atmega328p/avr5/crtatmega328p.o
 .text          0x00000000        0x0 driver_setup.o
 .data          0x00000000        0x0 driver_setup.o
 .bss           0x00000000        0x0 driver_setup.o
 .text          0x00000000        0x0 main.o
 .data          0x00000000        0x0 main.o
 .bss           0x00000000        0x0 main.o
 .text          0x00000000        0x0 timer_16_bit.o
 .data          0x00000000        0x0 timer_16_bit.o
 .bss           0x00000000        0x0 timer_16_bit.o
 .bss.internal_config
                0x00000000       0x1c timer_16_bit.o
 .text.check_handle
                0x00000000      0x25a timer_16_bit.o
 .text.check_id
                0x00000000       0x20 timer_16_bit.o
 .text.timer_16_bit_set_handle
                0x00000000       0x64 timer_16_bit.o
 .text.timer_16_bit_get_default_config
                0x00000000      0x136 timer_16_bit.o
 .text.timer_16_bit_set_force_compare_config
                0x00000000      0x18a timer_16_bit.o
 .text.timer_16_bit_get_force_compare_config
                0x00000000       0xde timer_16_bit.o
 .text.timer_16_bit_set_interrupt_config
                0x00000000      0x2ae timer_16_bit.o
 .text.timer_16_bit_get_interrupt_config
                0x00000000      0x166 timer_16_bit.o
 .text.timer_16_bit_set_prescaler
                0x00000000       0x9e timer_16_bit.o
 .text.timer_16_bit_get_prescaler
                0x00000000       0x92 timer_16_bit.o
 .text.timer_16_bit_set_compare_match_A
                0x00000000       0xb4 timer_16_bit.o
 .text.timer_16_bit_get_compare_match_A
                0x00000000       0x98 timer_16_bit.o
 .text.timer_16_bit_set_compare_match_B
                0x00000000       0xae timer_16_bit.o
 .text.timer_16_bit_get_compare_match_B
                0x00000000       0xa8 timer_16_bit.o
 .text.timer_16_bit_set_waveform_generation
                0x00000000       0xf4 timer_16_bit.o
 .text.timer_16_bit_set_input_compare_noise_canceler
                0x00000000       0xe2 timer_16_bit.o
 .text.timer_16_bit_get_input_compare_noise_canceler
                0x00000000       0x96 timer_16_bit.o
 .text.timer_16_bit_set_input_compare_edge_select
                0x00000000       0xb4 timer_16_bit.o
 .text.timer_16_bit_get_input_compare_edge_select
                0x00000000       0xa6 timer_16_bit.o
 .text.timer_16_bit_get_input_capture_value
                0x00000000       0xd4 timer_16_bit.o
 .text.timer_16_bit_get_waveform_generation
                0x00000000       0xf6 timer_16_bit.o
 .text.timer_16_bit_set_counter_value
                0x00000000       0xb2 timer_16_bit.o
 .text.timer_16_bit_get_counter_value
                0x00000000       0xd4 timer_16_bit.o
 .text.timer_16_bit_set_ocra_register_value
                0x00000000       0xb2 timer_16_bit.o
 .text.timer_16_bit_get_ocra_register_value
                0x00000000       0xd4 timer_16_bit.o
 .text.timer_16_bit_set_ocrb_register_value
                0x00000000       0xb2 timer_16_bit.o
 .text.timer_16_bit_get_ocrb_register_value
                0x00000000       0xd4 timer_16_bit.o
 .text.timer_16_bit_write_config
                0x00000000      0x3e0 timer_16_bit.o
 .text.timer_16_bit_init
                0x00000000       0x94 timer_16_bit.o
 .text.timer_16_bit_deinit
                0x00000000       0xae timer_16_bit.o
 .text.timer_16_bit_start
                0x00000000       0xd6 timer_16_bit.o
 .text.timer_16_bit_stop
                0x00000000       0x92 timer_16_bit.o
 .text.timer_16_bit_is_initialised
                0x00000000       0x62 timer_16_bit.o
 .debug_info    0x00000000      0xe6b timer_16_bit.o
 .debug_abbrev  0x00000000      0x196 timer_16_bit.o
 .debug_loc     0x00000000      0x947 timer_16_bit.o
 .debug_aranges
                0x00000000      0x120 timer_16_bit.o
 .debug_ranges  0x00000000      0x110 timer_16_bit.o
 .debug_line    0x00000000      0xd49 timer_16_bit.o
 .debug_str     0x00000000      0xd8d timer_16_bit.o
 .comment       0x00000000       0x31 timer_16_bit.o
 .debug_frame   0x00000000      0x434 timer_16_bit.o
 .text          0x00000000        0x0 timer_8_bit.o
 .data          0x00000000        0x0 timer_8_bit.o
 .bss           0x00000000        0x0 timer_8_bit.o
 .text.timer_8_bit_set_force_compare_config
                0x00000000      0x18a timer_8_bit.o
 .text.timer_8_bit_get_force_compare_config
                0x00000000       0xde timer_8_bit.o
 .text.timer_8_bit_set_interrupt_config
                0x00000000      0x21c timer_8_bit.o
 .text.timer_8_bit_get_interrupt_config
                0x00000000      0x126 timer_8_bit.o
 .text.timer_8_bit_set_prescaler
                0x00000000       0x9e timer_8_bit.o
 .text.timer_8_bit_get_prescaler
                0x00000000       0x92 timer_8_bit.o
 .text.timer_8_bit_set_compare_match_A
                0x00000000       0xb4 timer_8_bit.o
 .text.timer_8_bit_get_compare_match_A
                0x00000000       0x98 timer_8_bit.o
 .text.timer_8_bit_set_compare_match_B
                0x00000000       0xae timer_8_bit.o
 .text.timer_8_bit_get_compare_match_B
                0x00000000       0xa8 timer_8_bit.o
 .text.timer_8_bit_set_waveform_generation
                0x00000000       0xea timer_8_bit.o
 .text.timer_8_bit_get_waveform_generation
                0x00000000       0xf6 timer_8_bit.o
 .text.timer_8_bit_set_counter_value
                0x00000000       0x78 timer_8_bit.o
 .text.timer_8_bit_get_counter_value
                0x00000000       0x8e timer_8_bit.o
 .text.timer_8_bit_set_ocra_register_value
                0x00000000       0x78 timer_8_bit.o
 .text.timer_8_bit_get_ocra_register_value
                0x00000000       0x8e timer_8_bit.o
 .text.timer_8_bit_set_ocrb_register_value
                0x00000000       0x78 timer_8_bit.o
 .text.timer_8_bit_get_ocrb_register_value
                0x00000000       0x8e timer_8_bit.o
 .text.timer_8_bit_deinit
                0x00000000       0xae timer_8_bit.o
 .text.timer_8_bit_stop
                0x00000000       0x92 timer_8_bit.o
 .text          0x00000000        0x0 timer_8_bit_async.o
 .data          0x00000000        0x0 timer_8_bit_async.o
 .bss           0x00000000        0x0 timer_8_bit_async.o
 .bss.internal_config
                0x00000000       0x12 timer_8_bit_async.o
 .text.check_handle
                0x00000000      0x188 timer_8_bit_async.o
 .text.check_id
                0x00000000       0x20 timer_8_bit_async.o
 .text.check_reg_busy
                0x00000000       0x50 timer_8_bit_async.o
 .text.timer_8_bit_async_set_handle
                0x00000000       0x6e timer_8_bit_async.o
 .text.timer_8_bit_async_get_default_config
                0x00000000       0xf0 timer_8_bit_async.o
 .text.timer_8_bit_async_set_force_compare_config
                0x00000000      0x1f8 timer_8_bit_async.o
 .text.timer_8_bit_async_get_force_compare_config
                0x00000000      0x110 timer_8_bit_async.o
 .text.timer_8_bit_async_set_interrupt_config
                0x00000000      0x29e timer_8_bit_async.o
 .text.timer_8_bit_async_get_interrupt_config
                0x00000000      0x14e timer_8_bit_async.o
 .text.timer_8_bit_async_set_prescaler
                0x00000000       0xd0 timer_8_bit_async.o
 .text.timer_8_bit_async_get_prescaler
                0x00000000       0xba timer_8_bit_async.o
 .text.timer_8_bit_async_set_compare_match_A
                0x00000000       0xe6 timer_8_bit_async.o
 .text.timer_8_bit_async_get_compare_match_A
                0x00000000       0xc0 timer_8_bit_async.o
 .text.timer_8_bit_async_set_compare_match_B
                0x00000000       0xe0 timer_8_bit_async.o
 .text.timer_8_bit_async_get_compare_match_B
                0x00000000       0xd0 timer_8_bit_async.o
 .text.timer_8_bit_async_set_waveform_generation
                0x00000000      0x130 timer_8_bit_async.o
 .text.timer_8_bit_async_get_waveform_generation
                0x00000000      0x128 timer_8_bit_async.o
 .text.timer_8_bit_async_set_counter_value
                0x00000000       0xa0 timer_8_bit_async.o
 .text.timer_8_bit_async_get_counter_value
                0x00000000       0xb6 timer_8_bit_async.o
 .text.timer_8_bit_async_set_ocra_register_value
                0x00000000       0xa0 timer_8_bit_async.o
 .text.timer_8_bit_async_get_ocra_register_value
                0x00000000       0xb6 timer_8_bit_async.o
 .text.timer_8_bit_async_set_ocrb_register_value
                0x00000000       0xa0 timer_8_bit_async.o
 .text.timer_8_bit_async_get_ocrb_register_value
                0x00000000       0xb6 timer_8_bit_async.o
 .text.timer_8_bit_async_write_config
                0x00000000      0x326 timer_8_bit_async.o
 .text.timer_8_bit_async_init
                0x00000000       0x9e timer_8_bit_async.o
 .text.timer_8_bit_async_deinit
                0x00000000       0xc2 timer_8_bit_async.o
 .text.timer_8_bit_async_start
                0x00000000      0x11c timer_8_bit_async.o
 .text.timer_8_bit_async_stop
                0x00000000       0xc4 timer_8_bit_async.o
 .debug_info    0x00000000      0xc2f timer_8_bit_async.o
 .debug_abbrev  0x00000000      0x196 timer_8_bit_async.o
 .debug_loc     0x00000000      0x7df timer_8_bit_async.o
 .debug_aranges
                0x00000000       0xf8 timer_8_bit_async.o
 .debug_ranges  0x00000000       0xe8 timer_8_bit_async.o
 .debug_line    0x00000000      0xc4b timer_8_bit_async.o
 .debug_str     0x00000000      0xc0f timer_8_bit_async.o
 .comment       0x00000000       0x31 timer_8_bit_async.o
 .debug_frame   0x00000000      0x394 timer_8_bit_async.o
 .text          0x00000000        0x0 d:/installedprograms/atmelstudio7/7.0/toolchain/avr8/avr8-gnu-toolchain/bin/../lib/gcc/avr/5.4.0/avr5\libgcc.a(_exit.o)
 .data          0x00000000        0x0 d:/installedprograms/atmelstudio7/7.0/toolchain/avr8/avr8-gnu-toolchain/bin/../lib/gcc/avr/5.4.0/avr5\libgcc.a(_exit.o)
 .bss           0x00000000        0x0 d:/installedprograms/atmelstudio7/7.0/toolchain/avr8/avr8-gnu-toolchain/bin/../lib/gcc/avr/5.4.0/avr5\libgcc.a(_exit.o)
 .text.libgcc.mul
                0x00000000        0x0 d:/installedprograms/atmelstudio7/7.0/toolchain/avr8/avr8-gnu-toolchain/bin/../lib/gcc/avr/5.4.0/avr5\libgcc.a(_exit.o)
 .text.libgcc.div
                0x00000000        0x0 d:/installedprograms/atmelstudio7/7.0/toolchain/avr8/avr8-gnu-toolchain/bin/../lib/gcc/avr/5.4.0/avr5\libgcc.a(_exit.o)
 .text.libgcc   0x00000000        0x0 d:/installedprograms/atmelstudio7/7.0/toolchain/avr8/avr8-gnu-toolchain/bin/../lib/gcc/avr/5.4.0/avr5\libgcc.a(_exit.o)
 .text.libgcc.prologue
                0x00000000        0x0 d:/installedprograms/atmelstudio7/7.0/toolchain/avr8/avr8-gnu-toolchain/bin/../lib/gcc/avr/5.4.0/avr5\libgcc.a(_exit.o)
 .text.libgcc.builtins
                0x00000000        0x0 d:/installedprograms/atmelstudio7/7.0/toolchain/avr8/avr8-gnu-toolchain/bin/../lib/gcc/avr/5.4.0/avr5\libgcc.a(_exit.o)
 .text.libgcc.fmul
                0x00000000        0x0 d:/installedprograms/atmelstudio7/7.0/toolchain/avr8/avr8-gnu-toolchain/bin/../lib/gcc/avr/5.4.0/avr5\libgcc.a(_exit.o)
 .text.libgcc.fixed
                0x00000000        0x0 d:/installedprograms/atmelstudio7/7.0/toolchain/avr8/avr8-gnu-toolchain/bin/../lib/gcc/avr/5.4.0/avr5\libgcc.a(_exit.o)
 .text          0x00000000        0x0 d:/installedprograms/atmelstudio7/7.0/toolchain/avr8/avr8-gnu-toolchain/bin/../lib/gcc/avr/5.4.0/avr5\libgcc.a(_clear_bss.o)
 .data          0x00000000        0x0 d:/installedprograms/atmelstudio7/7.0/toolchain/avr8/avr8-gnu-toolchain/bin/../lib/gcc/avr/5.4.0/avr5\libgcc.a(_clear_bss.o)
 .bss           0x00000000        0x0 d:/installedprograms/atmelstudio7/7.0/toolchain/avr8/avr8-gnu-toolchain/bin/../lib/gcc/avr/5.4.0/avr5\libgcc.a(_clear_bss.o)
 .text.libgcc.mul
                0x00000000        0x0 d:/installedprograms/atmelstudio7/7.0/toolchain/avr8/avr8-gnu-toolchain/bin/../lib/gcc/avr/5.4.0/avr5\libgcc.a(_clear_bss.o)
 .text.libgcc.div
                0x00000000        0x0 d:/installedprograms/atmelstudio7/7.0/toolchain/avr8/avr8-gnu-toolchain/bin/../lib/gcc/avr/5.4.0/avr5\libgcc.a(_clear_bss.o)
 .text.libgcc   0x00000000        0x0 d:/installedprograms/atmelstudio7/7.0/toolchain/avr8/avr8-gnu-toolchain/bin/../lib/gcc/avr/5.4.0/avr5\libgcc.a(_clear_bss.o)
 .text.libgcc.prologue
                0x00000000        0x0 d:/installedprograms/atmelstudio7/7.0/toolchain/avr8/avr8-gnu-toolchain/bin/../lib/gcc/avr/5.4.0/avr5\libgcc.a(_clear_bss.o)
 .text.libgcc.builtins
                0x00000000        0x0 d:/installedprograms/atmelstudio7/7.0/toolchain/avr8/avr8-gnu-toolchain/bin/../lib/gcc/avr/5.4.0/avr5\libgcc.a(_clear_bss.o)
 .text.libgcc.fmul
                0x00000000        0x0 d:/installedprograms/atmelstudio7/7.0/toolchain/avr8/avr8-gnu-toolchain/bin/../lib/gcc/avr/5.4.0/avr5\libgcc.a(_clear_bss.o)
 .text.libgcc.fixed
                0x00000000        0x0 d:/installedprograms/atmelstudio7/7.0/toolchain/avr8/avr8-gnu-toolchain/bin/../lib/gcc/avr/5.4.0/avr5\libgcc.a(_clear_bss.o)
 .text          0x00000000        0x0 d:/installedprograms/atmelstudio7/7.0/toolchain/avr8/avr8-gnu-toolchain/bin/../lib/gcc/avr/5.4.0/../../../../avr/lib/avr5\libc.a(memcpy.o)
 .data          0x00000000        0x0 d:/installedprograms/atmelstudio7/7.0/toolchain/avr8/avr8-gnu-toolchain/bin/../lib/gcc/avr/5.4.0/../../../../avr/lib/avr5\libc.a(memcpy.o)
 .bss           0x00000000        0x0 d:/installedprograms/atmelstudio7/7.0/toolchain/avr8/avr8-gnu-toolchain/bin/../lib/gcc/avr/5.4.0/../../../../avr/lib/avr5\libc.a(memcpy.o)

Memory Configuration

Name             Origin             Length             Attributes
text             0x00000000         0x00020000         xr
data             0x00800060         0x0000ffa0         rw !x
eeprom           0x00810000         0x00010000         rw !x
fuse             0x00820000         0x00000003         rw !x
lock             0x00830000         0x00000400         rw !x
signature        0x00840000         0x00000400         rw !x
user_signatures  0x00850000         0x00000400         rw !x
*default*        0x00000000         0xffffffff

Linker script and memory map

Address of section .data set to 0x800100
LOAD D:/InstalledPrograms/AtmelStudio7/7.0/Packs/atmel/ATmega_DFP/1.2.209/gcc/dev/atmega328p/avr5/crtatmega328p.o
LOAD driver_setup.o
LOAD main.o
LOAD timer_16_bit.o
LOAD timer_8_bit.o
LOAD timer_8_bit_async.o
START GROUP
LOAD d:/installedprograms/atmelstudio7/7.0/toolchain/avr8/avr8-gnu-toolchain/bin/../lib/gcc/avr/5.4.0/../../../../avr/lib/avr5\libm.a
END GROUP
START GROUP
LOAD d:/installedprograms/atmelstudio7/7.0/toolchain/avr8/avr8-gnu-toolchain/bin/../lib/gcc/avr/5.4.0/avr5\libgcc.a
LOAD d:/installedprograms/atmelstudio7/7.0/toolchain/avr8/avr8-gnu-toolchain/bin/../lib/gcc/avr/5.4.0/../../../../avr/lib/avr5\libm.a
LOAD d:/installedprograms/atmelstudio7/7.0/toolchain/avr8/avr8-gnu-toolchain/bin/../lib/gcc/avr/5.4.0/../../../../avr/lib/avr5\libc.a
LOAD D:/InstalledPrograms/AtmelStudio7/7.0/Packs/atmel/ATmega_DFP/1.2.209/gcc/dev/atmega328p/avr5\libatmega328p.a
END GROUP
                0x00020000                __TEXT_REGION_LENGTH__ = DEFINED (__TEXT_REGION_LENGTH__)?__TEXT_REGION_LENGTH__:0x20000
                0x0000ffa0                __DATA_REGION_LENGTH__ = DEFINED (__DATA_REGION_LENGTH__)?__DATA_REGION_LENGTH__:0xffa0
                0x00010000                __EEPROM_REGION_LENGTH__ = DEFINED (__EEPROM_REGION_LENGTH__)?__EEPROM_REGION_LENGTH__:0x10000
                [0x00000003]                __FUSE_REGION_LENGTH__ = DEFINED (__FUSE_REGION_LENGTH__)?__FUSE_REGION_LENGTH__:0x400
                0x00000400                __LOCK_REGION_LENGTH__ = DEFINED (__LOCK_REGION_LENGTH__)?__LOCK_REGION_LENGTH__:0x400
                0x00000400                __SIGNATURE_REGION_LENGTH__ = DEFINED (__SIGNATURE_REGION_LENGTH__)?__SIGNATURE_REGION_LENGTH__:0x400
                0x00000400                __USER_SIGNATURE_REGION_LENGTH__ = DEFINED (__USER_SIGNATURE_REGION_LENGTH__)?__USER_SIGNATURE_REGION_LENGTH__:0x400

.hash
 *(.hash)

.dynsym
 *(.dynsym)

.dynstr
 *(.dynstr)

.gnu.version
 *(.gnu.version)

.gnu.version_d
 *(.gnu.version_d)

.gnu.version_r
 *(.gnu.version_r)

.rel.init
 *(.rel.init)

.rela.init
 *(.rela.init)

.rel.text
 *(.rel.text)
 *(.rel.text.*)
 *(.rel.gnu.linkonce.t*)

.rela.text
 *(.rela.text)
 *(.rela.text.*)
 *(.rela.gnu.linkonce.t*)

.rel.fini
 *(.rel.fini)

.rela.fini
 *(.rela.fini)

.rel.rodata
 *(.rel.rodata)
 *(.rel.rodata.*)
 *(.rel.gnu.linkonce.r*)

.rela.rodata
 *(.rela.rodata)
 *(.rela.rodata.*)
 *(.rela.gnu.linkonce.r*)

.rel.data
 *(.rel.data)
 *(.rel.data.*)
 *(.rel.gnu.linkonce.d*)

.rela.data
 *(.rela.data)
 *(.rela.data.*)
 *(.rela.gnu.linkonce.d*)

.rel.ctors
 *(.rel.ctors)

.rela.ctors
 *(.rela.ctors)

.rel.dtors
 *(.rel.dtors)

.rela.dtors
 *(.rela.dtors)

.rel.got
 *(.rel.got)

.rela.got
 *(.rela.got)

.rel.bss
 *(.rel.bss)

.rela.bss
 *(.rela.bss)

.rel.plt
 *(.rel.plt)

.rela.plt
 *(.rela.plt)

.text           0x00000000      0x90c
 *(.vectors)
 .vectors       0x00000000       0x68 D:/InstalledPrograms/AtmelStudio7/7.0/Packs/atmel/ATmega_DFP/1.2.209/gcc/dev/atmega328p/avr5/crtatmega328p.o
                0x00000000                __vector_default
                0x00000000                __vectors
 *(.vectors)
 *(.progmem.gcc*)
                0x00000068                . = ALIGN (0x2)
                0x00000068                __trampolines_start = .
 *(.trampolines)
 .trampolines   0x00000068        0x0 linker stubs
 *(.trampolines*)
                0x00000068                __trampolines_end = .
 *libprintf_flt.a:*(.progmem.data)
 *libc.a:*(.progmem.data)
 *(.progmem*)
                0x00000068                . = ALIGN (0x2)
 *(.jumptables)
 *(.jumptables*)
 *(.lowtext)
 *(.lowtext*)
                0x00000068                __ctors_start = .
 *(.ctors)
                0x00000068                __ctors_end = .
                0x00000068                __dtors_start = .
 *(.dtors)
                0x00000068                __dtors_end = .
 SORT(*)(.ctors)
 SORT(*)(.dtors)
 *(.init0)
 .init0         0x00000068        0x0 D:/InstalledPrograms/AtmelStudio7/7.0/Packs/atmel/ATmega_DFP/1.2.209/gcc/dev/atmega328p/avr5/crtatmega328p.o
                0x00000068                __init
 *(.init0)
 *(.init1)
 *(.init1)
 *(.init2)
 .init2         0x00000068        0xc D:/InstalledPrograms/AtmelStudio7/7.0/Packs/atmel/ATmega_DFP/1.2.209/gcc/dev/atmega328p/avr5/crtatmega328p.o
 *(.init2)
 *(.init3)
 *(.init3)
 *(.init4)
 .init4         0x00000074       0x10 d:/installedprograms/atmelstudio7/7.0/toolchain/avr8/avr8-gnu-toolchain/bin/../lib/gcc/avr/5.4.0/avr5\libgcc.a(_clear_bss.o)
                0x00000074                __do_clear_bss
 *(.init4)
 *(.init5)
 *(.init5)
 *(.init6)
 *(.init6)
 *(.init7)
 *(.init7)
 *(.init8)
 *(.init8)
 *(.init9)
 .init9         0x00000084        0x8 D:/InstalledPrograms/AtmelStudio7/7.0/Packs/atmel/ATmega_DFP/1.2.209/gcc/dev/atmega328p/avr5/crtatmega328p.o
 *(.init9)
 *(.text)
 .text          0x0000008c        0x4 D:/InstalledPrograms/AtmelStudio7/7.0/Packs/atmel/ATmega_DFP/1.2.209/gcc/dev/atmega328p/avr5/crtatmega328p.o
                0x0000008c                __vector_22
                0x0000008c                __vector_1
                0x0000008c                __vector_24
                0x0000008c                __vector_12
                0x0000008c                __bad_interrupt
                0x0000008c                __vector_6
                0x0000008c                __vector_3
                0x0000008c                __vector_23
                0x0000008c                __vector_25
                0x0000008c                __vector_11
                0x0000008c                __vector_13
                0x0000008c                __vector_17
                0x0000008c                __vector_19
                0x0000008c                __vector_7
                0x0000008c                __vector_5
                0x0000008c                __vector_4
                0x0000008c                __vector_9
                0x0000008c                __vector_2
                0x0000008c                __vector_21
                0x0000008c                __vector_15
                0x0000008c                __vector_8
                0x0000008c                __vector_14
                0x0000008c                __vector_10
                0x0000008c                __vector_16
                0x0000008c                __vector_18
                0x0000008c                __vector_20
                0x00000090                . = ALIGN (0x2)
 *(.text.*)
 .text.init_timer_0
                0x00000090       0xa4 driver_setup.o
                0x00000090                init_timer_0
 .text.error_handler
                0x00000134        0xc main.o
                0x00000134                error_handler
 .text.main     0x00000140       0x92 main.o
                0x00000140                main
 .text.check_handle
                0x000001d2      0x15e timer_8_bit.o
 .text.check_id
                0x00000330       0x20 timer_8_bit.o
 .text.timer_8_bit_set_handle
                0x00000350       0x64 timer_8_bit.o
                0x00000350                timer_8_bit_set_handle
 .text.timer_8_bit_get_default_config
                0x000003b4       0xdc timer_8_bit.o
                0x000003b4                timer_8_bit_get_default_config
 .text.timer_8_bit_write_config
                0x00000490      0x2fc timer_8_bit.o
 .text.timer_8_bit_init
                0x0000078c       0x94 timer_8_bit.o
                0x0000078c                timer_8_bit_init
 .text.timer_8_bit_start
                0x00000820       0xd6 timer_8_bit.o
                0x00000820                timer_8_bit_start
 .text.avr-libc
                0x000008f6       0x12 d:/installedprograms/atmelstudio7/7.0/toolchain/avr8/avr8-gnu-toolchain/bin/../lib/gcc/avr/5.4.0/../../../../avr/lib/avr5\libc.a(memcpy.o)
                0x000008f6                memcpy
                0x00000908                . = ALIGN (0x2)
 *(.fini9)
 .fini9         0x00000908        0x0 d:/installedprograms/atmelstudio7/7.0/toolchain/avr8/avr8-gnu-toolchain/bin/../lib/gcc/avr/5.4.0/avr5\libgcc.a(_exit.o)
                0x00000908                _exit
                0x00000908                exit
 *(.fini9)
 *(.fini8)
 *(.fini8)
 *(.fini7)
 *(.fini7)
 *(.fini6)
 *(.fini6)
 *(.fini5)
 *(.fini5)
 *(.fini4)
 *(.fini4)
 *(.fini3)
 *(.fini3)
 *(.fini2)
 *(.fini2)
 *(.fini1)
 *(.fini1)
 *(.fini0)
 .fini0         0x00000908        0x4 d:/installedprograms/atmelstudio7/7.0/toolchain/avr8/avr8-gnu-toolchain/bin/../lib/gcc/avr/5.4.0/avr5\libgcc.a(_exit.o)
 *(.fini0)
                0x0000090c                _etext = .

.data           0x00800100        0x0 load address 0x0000090c
                [!provide]                PROVIDE (__data_start, .)
 *(.data)
 *(.data*)
 *(.gnu.linkonce.d*)
 *(.rodata)
 *(.rodata*)
 *(.gnu.linkonce.r*)
                0x00800100                . = ALIGN (0x2)
                0x00800100                _edata = .
                [!provide]                PROVIDE (__data_end, .)

.bss            0x00800100       0x11
                0x00800100                PROVIDE (__bss_start, .)
 *(.bss)
 *(.bss*)
 .bss.idx.2022  0x00800100        0x1 main.o
 .bss.internal_config
                0x00800101       0x10 timer_8_bit.o
 *(COMMON)
                0x00800111                PROVIDE (__bss_end, .)
                0x0000090c                __data_load_start = LOADADDR (.data)
                0x0000090c                __data_load_end = (__data_load_start + SIZEOF (.data))

.noinit         0x00800111        0x0
                [!provide]                PROVIDE (__noinit_start, .)
 *(.noinit*)
                [!provide]                PROVIDE (__noinit_end, .)
                0x00800111                _end = .
                [!provide]                PROVIDE (__heap_start, .)

.eeprom         0x00810000        0x0
 *(.eeprom*)
                0x00810000                __eeprom_end = .

.fuse
 *(.fuse)
 *(.lfuse)
 *(.hfuse)
 *(.efuse)

.lock
 *(.lock*)

.signature
 *(.signature*)

.user_signatures
 *(.user_signatures*)

.stab
 *(.stab)

.stabstr
 *(.stabstr)

.stab.excl
 *(.stab.excl)

.stab.exclstr
 *(.stab.exclstr)

.stab.index
 *(.stab.index)

.stab.indexstr
 *(.stab.indexstr)

.comment        0x00000000       0x30
 *(.comment)
 .comment       0x00000000       0x30 driver_setup.o
                                 0x31 (size before relaxing)
 .comment       0x00000030       0x31 main.o
 .comment       0x00000030       0x31 timer_8_bit.o

.note.gnu.avr.deviceinfo
                0x00000000       0x40
 .note.gnu.avr.deviceinfo
                0x00000000       0x40 D:/InstalledPrograms/AtmelStudio7/7.0/Packs/atmel/ATmega_DFP/1.2.209/gcc/dev/atmega328p/avr5/crtatmega328p.o

.note.gnu.build-id
 *(.note.gnu.build-id)

.debug
 *(.debug)

.line
 *(.line)

.debug_srcinfo
 *(.debug_srcinfo)

.debug_sfnames
 *(.debug_sfnames)

.debug_aranges  0x00000000      0x138
 *(.debug_aranges)
 .debug_aranges
                0x00000000       0x20 driver_setup.o
 .debug_aranges
                0x00000020       0x28 main.o
 .debug_aranges
                0x00000048       0xf0 timer_8_bit.o

.debug_pubnames
 *(.debug_pubnames)

.debug_info     0x00000000     0x1616
 *(.debug_info .gnu.linkonce.wi.*)
 .debug_info    0x00000000      0x5f4 D:/InstalledPrograms/AtmelStudio7/7.0/Packs/atmel/ATmega_DFP/1.2.209/gcc/dev/atmega328p/avr5/crtatmega328p.o
 .debug_info    0x000005f4      0x376 driver_setup.o
 .debug_info    0x0000096a      0x142 main.o
 .debug_info    0x00000aac      0xb6a timer_8_bit.o

.debug_abbrev   0x00000000      0x888
 *(.debug_abbrev)
 .debug_abbrev  0x00000000      0x5a2 D:/InstalledPrograms/AtmelStudio7/7.0/Packs/atmel/ATmega_DFP/1.2.209/gcc/dev/atmega328p/avr5/crtatmega328p.o
 .debug_abbrev  0x000005a2       0xa6 driver_setup.o
 .debug_abbrev  0x00000648       0xaa main.o
 .debug_abbrev  0x000006f2      0x196 timer_8_bit.o

.debug_line     0x00000000      0xe6e
 *(.debug_line .debug_line.* .debug_line_end)
 .debug_line    0x00000000      0x133 D:/InstalledPrograms/AtmelStudio7/7.0/Packs/atmel/ATmega_DFP/1.2.209/gcc/dev/atmega328p/avr5/crtatmega328p.o
 .debug_line    0x00000133      0x16c driver_setup.o
 .debug_line    0x0000029f      0x13c main.o
 .debug_line    0x000003db      0xa93 timer_8_bit.o

.debug_frame    0x00000000      0x3fc
 *(.debug_frame)
 .debug_frame   0x00000000       0x34 driver_setup.o
 .debug_frame   0x00000034       0x54 main.o
 .debug_frame   0x00000088      0x374 timer_8_bit.o

.debug_str      0x00000000      0xbde
 *(.debug_str)
 .debug_str     0x00000000      0x208 D:/InstalledPrograms/AtmelStudio7/7.0/Packs/atmel/ATmega_DFP/1.2.209/gcc/dev/atmega328p/avr5/crtatmega328p.o
 .debug_str     0x00000208      0x619 driver_setup.o
                                0x690 (size before relaxing)
 .debug_str     0x00000821       0x36 main.o
                                0x29e (size before relaxing)
 .debug_str     0x00000857      0x387 timer_8_bit.o
                                0x9a0 (size before relaxing)

.debug_loc      0x00000000      0x861
 *(.debug_loc)
 .debug_loc     0x00000000       0x47 driver_setup.o
 .debug_loc     0x00000047       0x83 main.o
 .debug_loc     0x000000ca      0x797 timer_8_bit.o

.debug_macinfo
 *(.debug_macinfo)

.debug_weaknames
 *(.debug_weaknames)

.debug_funcnames
 *(.debug_funcnames)

.debug_typenames
 *(.debug_typenames)

.debug_varnames
 *(.debug_varnames)

.debug_pubtypes
 *(.debug_pubtypes)

.debug_ranges   0x00000000      0x108
 *(.debug_ranges)
 .debug_ranges  0x00000000       0x10 driver_setup.o
 .debug_ranges  0x00000010       0x18 main.o
 .debug_ranges  0x00000028       0xe0 timer_8_bit.o

.debug_macro
 *(.debug_macro)
OUTPUT(ATStudio_tests.elf elf32-avr)
LOAD linker stubs
